../Core/Src/main.c:80:6:set_setpoint	16	static
../Core/Src/main.c:85:6:reset_setpoint	4	static
../Core/Src/main.c:90:6:cycle_heater_state	8	static
../Core/Src/main.c:109:6:HAL_GPIO_EXTI_Callback	16	static
../Core/Src/main.c:122:5:main	128	static
../Core/Src/main.c:210:6:SystemClock_Config	88	static
../Core/Src/main.c:257:13:MX_ADC1_Init	24	static
../Core/Src/main.c:309:13:MX_I2C1_Init	8	static
../Core/Src/main.c:343:13:MX_TIM2_Init	48	static
../Core/Src/main.c:392:13:MX_USART2_UART_Init	8	static
../Core/Src/main.c:425:13:MX_GPIO_Init	40	static
../Core/Src/main.c:471:6:StartDefaultTask	16	static
../Core/Src/main.c:490:6:startReadSensors	96	static
../Core/Src/main.c:528:6:StartBangBangControl	16	static
../Core/Src/main.c:580:6:StartComTask	16	static
../Core/Src/main.c:599:6:HAL_TIM_PeriodElapsedCallback	16	static
../Core/Src/main.c:616:6:Error_Handler	4	static,ignoring_inline_asm
